CPU info:
Architecture:                            x86_64
CPU op-mode(s):                          32-bit, 64-bit
Address sizes:                           48 bits physical, 48 bits virtual
Byte Order:                              Little Endian
CPU(s):                                  8
On-line CPU(s) list:                     0-7
Vendor ID:                               AuthenticAMD
BIOS Vendor ID:                          Red Hat
Model name:                              AMD EPYC 7H12 64-Core Processor
BIOS Model name:                         RHEL-10.0.0 PC (Q35 + ICH9, 2009)  CPU @ 2.0GHz
BIOS CPU family:                         1
CPU family:                              23
Model:                                   49
Thread(s) per core:                      1
Core(s) per socket:                      1
Socket(s):                               8
Stepping:                                0
BogoMIPS:                                5190.24
Flags:                                   fpu vme de pse tsc msr pae mce cx8 apic sep mtrr pge mca cmov pat pse36 clflush mmx fxsr sse sse2 syscall nx mmxext fxsr_opt pdpe1gb rdtscp lm rep_good nopl cpuid extd_apicid tsc_known_freq pni pclmulqdq ssse3 fma cx16 sse4_1 sse4_2 x2apic movbe popcnt tsc_deadline_timer aes xsave avx f16c rdrand hypervisor lahf_lm cmp_legacy svm cr8_legacy abm sse4a misalignsse 3dnowprefetch osvw perfctr_core ssbd ibrs ibpb stibp vmmcall fsgsbase tsc_adjust bmi1 avx2 smep bmi2 rdseed adx smap clflushopt clwb sha_ni xsaveopt xsavec xgetbv1 xsaves clzero xsaveerptr wbnoinvd arat npt lbrv nrip_save tsc_scale vmcb_clean flushbyasid pausefilter pfthreshold v_vmsave_vmload vgif umip rdpid overflow_recov succor arch_capabilities
Virtualization:                          AMD-V
Hypervisor vendor:                       KVM
Virtualization type:                     full
L1d cache:                               512 KiB (8 instances)
L1i cache:                               512 KiB (8 instances)
L2 cache:                                4 MiB (8 instances)
L3 cache:                                128 MiB (8 instances)
NUMA node(s):                            1
NUMA node0 CPU(s):                       0-7
Vulnerability Gather data sampling:      Not affected
Vulnerability Indirect target selection: Not affected
Vulnerability Itlb multihit:             Not affected
Vulnerability L1tf:                      Not affected
Vulnerability Mds:                       Not affected
Vulnerability Meltdown:                  Not affected
Vulnerability Mmio stale data:           Not affected
Vulnerability Old microcode:             Not affected
Vulnerability Reg file data sampling:    Not affected
Vulnerability Retbleed:                  Mitigation; untrained return thunk; SMT disabled
Vulnerability Spec rstack overflow:      Mitigation; SMT disabled
Vulnerability Spec store bypass:         Mitigation; Speculative Store Bypass disabled via prctl
Vulnerability Spectre v1:                Mitigation; usercopy/swapgs barriers and __user pointer sanitization
Vulnerability Spectre v2:                Mitigation; Retpolines; IBPB conditional; STIBP disabled; RSB filling; PBRSB-eIBRS Not affected; BHI Not affected
Vulnerability Srbds:                     Not affected
Vulnerability Tsa:                       Not affected
Vulnerability Tsx async abort:           Not affected
Vulnerability Vmscape:                   Not affected


Memory:
               total        used        free      shared  buff/cache   available
Mem:            15Gi       3.3Gi       2.7Gi       141Mi        10Gi        12Gi
Swap:             0B          0B          0B


Storage (chroot, cache_topdir):
Filesystem     Type  Size  Used Avail Use% Mounted on
/dev/vda4      xfs   216G  154G   62G  72% /
/dev/vda4      xfs   216G  154G   62G  72% /
