system-group-kvm-20170617-150400.24.2.1.noarch 1701694889 37 installed
gpg-pubkey-25db7ae0-645bae34 1683729972 0 installed
openslp-2.0.0-150600.19.5.x86_64 1715249305 145797 installed
gpg-pubkey-3fa1d6ce-63c9481c 1674135580 0 installed
xen-libs-4.18.5_12-150600.3.40.1.x86_64 1773131478 1746408 installed
filesystem-15.0-11.8.1.x86_64 1647344147 535 installed
libwrap0-7.6-1.433.x86_64 1527268003 41688 installed
boost-license1_66_0-1.66.0-150200.12.7.1.noarch 1753185590 1338 installed
liburcu6-0.12.1-1.30.x86_64 1614986837 365790 installed
libssh-config-0.9.8-150600.11.12.1.x86_64 1773672531 159 installed
libmetalink3-0.1.3-150000.3.2.1.x86_64 1707228200 69715 installed
libldap-data-2.4.46-150600.25.3.1.noarch 1772574582 6593 installed
liblogging0-1.0.6-3.21.x86_64 1527279848 111363 installed
openSUSE-release-appliance-custom-15.6-lp156.417.4.1.x86_64 1765108079 79 installed
rsyslog-8.2406.0-150600.12.10.1.x86_64 1774432727 2721859 installed
libsemanage-conf-3.5-150600.1.48.x86_64 1709918338 2321 installed
libhidapi-hidraw0-0.10.1-150300.3.2.1.x86_64 1693641379 56379 installed
fillup-1.42-2.18.x86_64 1527272182 41439 installed
libfreeipmi17-1.6.8-150400.1.11.x86_64 1651991495 5455560 installed
bash-4.4-150400.27.6.1.x86_64 1760366854 1114818 installed
libduktape206-2.6.0-150500.4.5.1.x86_64 1706955139 738388 installed
terminfo-base-6.1-150000.5.30.1.x86_64 1744208026 1180453 installed
libproxy1-0.5.3-150600.4.6.2.x86_64 1736944244 10224 installed
perl-base-5.26.1-150300.17.20.1.x86_64 1749221545 4300357 installed
libfido2-1-1.13.0-150600.10.3.x86_64 1715249295 225797 installed
libz1-1.2.13-150500.4.6.1.x86_64 1771924535 114781 installed
libargon2-1-20190702-150600.1.4.x86_64 1715244915 30624 installed
libstdc++6-15.2.0+git10201-150000.1.9.1.x86_64 1770716034 2493704 installed
kmod-29-150600.13.3.1.x86_64 1764148084 183853 installed
libbz2-1-1.0.8-150400.1.122.x86_64 1651957955 120168 installed
dracut-059+suse.562.geca59f6b-150600.3.23.1.x86_64 1755012470 2122204 installed
libncurses6-6.1-150000.5.30.1.x86_64 1744208026 1120048 installed
keyutils-1.6.3-5.6.1.x86_64 1637661177 176880 installed
libcap2-2.63-150400.3.3.1.x86_64 1687791937 59921 installed
hostname-3.16-2.22.x86_64 1527272128 35323 installed
libgpg-error0-1.47-150600.1.3.x86_64 1715244732 1130218 installed
nfs-kernel-server-2.6.4-150600.28.19.1.x86_64 1773306231 539687 installed
libattr1-2.4.47-2.19.x86_64 1527268006 46233 installed
kernel-default-6.4.0-150600.23.103.1.x86_64 1778255738 198728943 installed
libmagic1-5.32-7.14.1.x86_64 1631196222 138472 installed
wget-1.20.3-150600.19.12.1.x86_64 1738590748 787974 installed
libpcre2-8-0-10.42-150600.1.26.x86_64 1715243550 964906 installed
openssh-server-9.6p1-150600.6.34.1.x86_64 1762763926 1628648 installed
coreutils-8.32-150400.9.9.1.x86_64 1750319274 6520615 installed
ipmitool-1.8.18.238.gb7adc1d-150600.10.3.3.x86_64 1774513766 6112012 installed
info-6.5-4.17.x86_64 1527268091 324284 installed
xfsprogs-6.7.0-150600.3.6.2.x86_64 1724073730 5489026 installed
libpopt0-1.16-3.22.x86_64 1527268038 124686 installed
rsync-3.2.7-150600.3.14.1.x86_64 1766048741 956988 installed
libgcrypt20-1.10.3-150600.3.9.1.x86_64 1751552166 2179485 installed
ncat-7.92-150600.7.3.x86_64 1715251226 437449 installed
liblua5_3-5-5.3.6-3.6.1.x86_64 1623396425 237296 installed
vim-9.2.0280-150500.20.46.1.x86_64 1775141946 4718194 installed
grep-3.1-150000.4.6.1.x86_64 1649229906 894546 installed
tmux-3.3a-150300.3.6.1.x86_64 1705921963 1175075 installed
libaudit1-3.0.6-150400.4.16.1.x86_64 1707237471 113384 installed
usbutils-014-3.3.1.x86_64 1630936829 370908 installed
libxml2-2-2.10.3-150500.5.38.1.x86_64 1771241237 1692676 installed
mdadm-4.3+36.g12cb7035-150600.3.23.1.x86_64 1772812465 1342601 installed
findutils-4.8.0-150300.3.3.2.x86_64 1738670063 632509 installed
psmisc-23.0-150000.6.25.1.x86_64 1698309270 155394 installed
libeconf0-0.5.2-150400.3.6.1.x86_64 1694100696 44652 installed
dosfstools-4.1-3.6.1.x86_64 1640321519 172549 installed
netcfg-11.6-150000.3.6.1.noarch 1705300763 893541 installed
libassuan0-2.5.5-150000.4.7.1.x86_64 1722584808 169941 installed
libudev1-254.27-150600.4.62.1.x86_64 1774102344 287082 installed
gawk-4.2.1-150000.3.3.1.x86_64 1691504824 3268508 installed
libmpc3-1.1.0-1.47.x86_64 1527268006 106000 installed
systemd-presets-common-SUSE-15-150600.25.2.noarch 1709927935 4905 installed
glibc-locale-2.38-150600.14.46.1.x86_64 1774957971 225250072 installed
pkg-config-0.29.2-150600.15.6.3.x86_64 1741766231 168969 installed
libisl15-0.18-1.443.x86_64 1527268044 1746424 installed
cpio-2.13-150400.3.6.1.x86_64 1706542012 299632 installed
liblz4-1-1.9.4-150600.1.4.x86_64 1715244718 145384 installed
libdbus-1-3-1.12.2-150400.18.8.1.x86_64 1687256818 333720 installed
libidn2-0-2.2.0-3.6.1.x86_64 1608648023 117152 installed
libsmartcols1-2.39.3-150600.4.21.1.x86_64 1774358180 256144 installed
libuuid1-2.39.3-150600.4.21.1.x86_64 1774358180 30848 installed
libfdisk1-2.39.3-150600.4.21.1.x86_64 1774358180 497440 installed
gettext-tools-0.21.1-150600.3.3.2.x86_64 1741371054 5642573 installed
libprocps8-3.3.17-150000.7.42.1.x86_64 1740149952 80920 installed
cpp-7-3.9.1.x86_64 1629704708 82 installed
libxcrypt-devel-4.4.15-150300.4.7.1.x86_64 1702378672 31908 installed
libusb-1_0-0-1.0.24-150400.3.3.1.x86_64 1665460155 157497 installed
libnss_usrfiles2-2.25-2.12.x86_64 1527272229 42216 installed
libsolv-tools-base-0.7.34-150600.8.19.2.x86_64 1761103237 757438 installed
make-4.2.1-7.3.2.x86_64 1535128276 404081 installed
libtasn1-4.13-150000.4.14.1.x86_64 1767968916 122557 installed
glibc-devel-2.38-150600.14.46.1.x86_64 1774957971 2762227 installed
dwz-0.12-150000.3.8.1.x86_64 1715695311 184104 installed
bzip2-1.0.8-150400.1.122.x86_64 1651957955 74834 installed
libsigc-2_0-0-2.12.1-150600.1.2.x86_64 1709927571 129863 installed
libyaml-cpp0_6-0.6.3-150400.4.3.1.x86_64 1658494276 498853 installed
libboost_system1_66_0-1.66.0-150200.12.7.1.x86_64 1753185590 18720 installed
libcilkrts5-7.5.0+r278197-150000.4.44.1.x86_64 1737800896 122968 installed
libubsan0-7.5.0+r278197-150000.4.44.1.x86_64 1737800896 312528 installed
libctf0-2.45-150100.7.57.1.x86_64 1762188641 191776 installed
libffi7-3.2.1.git259-10.8.x86_64 1591405058 40572 installed
p11-kit-0.23.22-150500.8.3.1.x86_64 1698315047 276806 installed
libopenssl3-3.1.4-150600.5.45.1.x86_64 1774543855 6698689 installed
openssl-3.1.4-150600.2.1.noarch 1710536826 246 installed
ca-certificates-mozilla-2.84-150200.44.1.noarch 1771326358 613506 installed
libkmod2-29-150600.13.3.1.x86_64 1764148084 100480 installed
libip4tc2-1.8.7-1.1.x86_64 1617957150 27416 installed
libmpx2-8.2.1+r264010-150000.1.6.4.x86_64 1652111443 18760 installed
libnpth0-1.5-2.11.x86_64 1527271946 76479 installed
libseccomp2-2.5.3-150400.2.4.x86_64 1651959900 149748 installed
libsemanage2-3.5-150600.1.48.x86_64 1709918338 274584 installed
libapparmor1-3.1.7-150600.5.12.2.x86_64 1774261359 80712 installed
libbrotlicommon1-1.0.7-150200.3.5.1.x86_64 1753344426 133320 installed
libcom_err2-1.47.0-150600.4.6.2.x86_64 1727360019 40928 installed
libtirpc3-1.3.4-150300.3.23.1.x86_64 1699960365 224420 installed
libssh4-0.9.8-150600.11.12.1.x86_64 1773672531 481476 installed
libfa1-1.14.1-150600.3.3.1.x86_64 1745485086 84024 installed
libitm1-15.2.0+git10201-150000.1.9.1.x86_64 1770716034 100800 installed
gcc-7-3.9.1.x86_64 1629704708 0 installed
libnl3-200-3.9.0-150600.15.4.4.x86_64 1734986509 1128688 installed
libldap-2_4-2-2.4.46-150600.25.3.1.x86_64 1772574582 394848 installed
libsqlite3-0-3.51.3-150000.3.39.1.x86_64 1773763573 1479400 installed
openSUSE-build-key-1.0-lp156.8.2.noarch 1716879882 26236 installed
libgpgme11-1.23.0-150600.3.5.1.x86_64 1763379023 372958 installed
zypper-1.14.94-150600.10.52.1.x86_64 1758808232 8277486 installed
patch-2.7.6-150000.5.9.1.x86_64 1770106880 249928 installed
systemd-default-settings-0.10-150300.3.7.1.noarch 1712760380 2061 installed
libcrack2-2.9.11-150600.1.90.x86_64 1715243463 38896 installed
pam-1.3.0-150000.6.86.1.x86_64 1755606858 1632792 installed
kbd-2.4.0-150400.5.9.1.x86_64 1745582878 4169414 installed
shadow-4.17.2-150600.17.18.1.x86_64 1773743424 3932825 installed
system-group-hardware-20170617-150400.24.2.1.noarch 1701694889 358 installed
system-user-man-20170617-150400.24.2.1.noarch 1701694889 83 installed
system-user-nobody-20170617-150400.24.2.1.noarch 1701694889 99 installed
util-linux-2.39.3-150600.4.21.1.x86_64 1774358180 6699940 installed
systemd-254.27-150600.4.62.1.x86_64 1774102344 11653177 installed
sysconfig-0.85.10-150200.15.1.x86_64 1758177428 73073 installed
wicked-0.6.77-150600.11.15.1.x86_64 1730285153 4065533 installed
patterns-base-base-20200505-lp156.17.3.1.x86_64 1720520048 50 installed
rpm-build-4.14.3-150400.59.16.1.x86_64 1714406352 29744 installed
libdevmapper1_03-2.03.22_1.02.196-150600.3.9.3.x86_64 1761585129 364088 installed
libdevmapper-event1_03-2.03.22_1.02.196-150600.3.9.3.x86_64 1761585129 26624 installed
libnettle8-3.9.1-150600.3.2.1.x86_64 1728652808 394946 installed
libedit0-3.1.snap20150325-2.12.x86_64 1527271988 227482 installed
perl-5.26.1-150300.17.20.1.x86_64 1749221545 42430864 installed
openssh-common-9.6p1-150600.6.34.1.x86_64 1762763926 1628938 installed
libpython3_6m1_0-3.6.15-150300.10.118.1.x86_64 1777461650 3424720 installed
libgmodule-2_0-0-2.78.6-150600.4.35.1.x86_64 1769619549 40279 installed
libjson-c5-0.16-150600.1.4.x86_64 1710777442 87205 installed
libevent-2_1-7-2.1.12-150600.1.2.x86_64 1709926243 933821 installed
liblognorm5-2.0.6-150000.3.3.1.x86_64 1690796264 201520 installed
thin-provisioning-tools-0.7.5-3.3.1.x86_64 1623305700 1429108 installed
liblvm2cmd2_03-2.03.22-150600.3.9.3.x86_64 1761585149 2694184 installed
libgnutls30-3.8.3-150600.4.17.1.x86_64 1772198541 2198909 installed
chrony-4.1-150400.21.8.1.x86_64 1757599993 593800 installed
vim-data-common-9.2.0280-150500.20.46.1.noarch 1775141946 615862 installed
gio-branding-openSUSE-42.1-lp156.9.2.2.noarch 1717774618 8313 installed
glib2-tools-2.78.6-150600.4.35.1.x86_64 1769619549 372937 installed
librdkafka1-0.11.6-150600.16.3.1.x86_64 1746796301 1188459 installed
libpcap1-1.10.4-150600.3.9.1.x86_64 1767614178 409731 installed
libext2fs2-1.47.0-150600.4.6.2.x86_64 1727360019 479592 installed
libasm1-0.185-150400.5.8.3.x86_64 1761934788 31384 installed
zstd-1.5.5-150600.1.3.x86_64 1715245170 1817198 installed
gpg-pubkey-29b700a4-6a17fa38 1779956280 0 installed
pigz-2.3.3-1.28.x86_64 1527271999 122336 installed
gpg-pubkey-39db7c82-66c5d91a 1724242202 0 installed
libyajl2-2.1.0-150000.4.6.1.x86_64 1688974213 39647 installed
system-user-root-20190513-3.3.1.noarch 1558360055 186 installed
libxtables12-1.8.7-1.1.x86_64 1617957150 60312 installed
crypto-policies-20230920.570ea89-150600.3.16.1.noarch 1774366285 122433 installed
rpcbind-0.2.3-5.9.2.x86_64 1568730194 111164 installed
branding-openSUSE-15.6.20240408-lp156.1.2.noarch 1716880028 1623 installed
libprotobuf-c1-1.5.0-150600.1.4.x86_64 1715250746 40549 installed
libnl-config-3.9.0-150600.15.4.4.noarch 1734986509 2662 installed
libmaxminddb0-1.4.3-150000.1.8.1.x86_64 1707228202 34086 installed
kbd-legacy-2.4.0-150400.5.9.1.noarch 1745582878 573431 installed
syslog-service-2.0-150300.13.3.1.noarch 1771227787 3982 installed
libtirpc-netconfig-1.3.4-150300.3.23.1.x86_64 1699960365 1962 installed
libinih0-53-150400.1.7.x86_64 1651958317 30566 installed
file-magic-5.32-7.14.1.noarch 1631196222 5916442 installed
libfstrm0-0.6.1-150300.9.5.1.x86_64 1704733377 45892 installed
rpm-config-SUSE-1-150400.14.3.1.noarch 1658129698 40277 installed
libefivar1-37-6.12.1.x86_64 1624474362 268456 installed
bash-sh-4.4-150400.27.6.1.x86_64 1760366854 0 installed
libpxbackend-1_0-0.5.3-150600.4.6.2.x86_64 1736944249 47008 installed
ncurses-utils-6.1-150000.5.30.1.x86_64 1744208026 228744 installed
libcbor0_10-0.10.1-150500.1.1.x86_64 1677749017 68883 installed
glibc-2.38-150600.14.46.1.x86_64 1774957971 6854586 installed
libcares2-1.19.1-150000.3.26.1.x86_64 1708958784 92854 installed
libgcc_s1-15.2.0+git10201-150000.1.9.1.x86_64 1770716034 178992 installed
libcryptsetup12-2.7.0-150600.3.3.1.x86_64 1725261862 582912 installed
liblzma5-5.4.1-150600.3.3.1.x86_64 1743576063 288832 installed
udev-254.27-150600.4.62.1.x86_64 1774102344 10984747 installed
libzstd1-1.5.5-150600.1.3.x86_64 1715245170 799904 installed
suse-module-tools-15.6.14-150600.3.17.1.x86_64 1770215192 109905 installed
libcrypt1-4.4.15-150300.4.7.1.x86_64 1702378672 265249 installed
nfs-client-2.6.4-150600.28.19.1.x86_64 1773306231 1176786 installed
libgmp10-6.1.2-4.9.1.x86_64 1637239981 711445 installed
net-tools-2.0+git20170221.479bb4a-150000.5.13.1.x86_64 1757351452 120393 installed
libreadline7-7.0-150400.27.6.1.x86_64 1760366854 396155 installed
kexec-tools-2.0.27-150600.3.2.x86_64 1715250131 320857 installed
libacl1-2.2.52-4.3.1.x86_64 1540303077 35424 installed
lvm2-2.03.22-150600.3.9.3.x86_64 1761585149 3911401 installed
libelf1-0.185-150400.5.8.3.x86_64 1761934788 100952 installed
openssh-clients-9.6p1-150600.6.34.1.x86_64 1762763926 4545265 installed
libselinux1-3.5-150600.3.3.1.x86_64 1760936281 171314 installed
efibootmgr-17-150400.3.2.2.x86_64 1704795183 89900 installed
libzio1-1.06-2.20.x86_64 1527267988 41084 installed
bind-utils-9.18.33-150600.3.21.1.x86_64 1775063287 4671317 installed
diffutils-3.6-4.3.1.x86_64 1594201579 435223 installed
iproute2-6.4-150600.7.9.1.x86_64 1758176111 3434994 installed
libjitterentropy3-3.4.1-150000.1.12.1.x86_64 1717429826 47775 installed
e2fsprogs-1.47.0-150600.4.6.2.x86_64 1727360019 4357353 installed
libdw1-0.185-150400.5.8.3.x86_64 1761934788 635464 installed
pciutils-3.13.0-150300.13.12.1.x86_64 1767079183 217764 installed
libpcre1-8.45-150000.20.13.1.x86_64 1655971404 938521 installed
parted-3.2-150300.21.3.1.x86_64 1690966566 628596 installed
rpm-4.14.3-150400.59.16.1.x86_64 1714406352 4743436 installed
ethtool-6.4-150600.7.3.2.x86_64 1717650904 717576 installed
permissions-20240826-150600.10.18.2.x86_64 1739197200 107343 installed
python-rpm-macros-20241120.6ae645f-150400.3.18.1.noarch 1732745395 130470 installed
libblkid1-2.39.3-150600.4.21.1.x86_64 1774358180 371728 installed
dmidecode-3.6-150400.16.11.2.x86_64 1721926716 239900 installed
xz-5.4.1-150600.3.3.1.x86_64 1743576063 403047 installed
mstflint-4.21.0-150600.5.3.x86_64 1715249627 12708215 installed
libmount1-2.39.3-150600.4.21.1.x86_64 1774358180 445088 installed
bc-1.07.1-11.37.x86_64 1614986801 223956 installed
sed-4.9-150600.1.4.x86_64 1715244755 322003 installed
libmpfr6-4.0.2-3.3.1.x86_64 1618404772 512648 installed
update-alternatives-1.19.0.4-150000.4.7.1.x86_64 1752676177 71334 installed
openSUSE-release-15.6-lp156.417.4.1.x86_64 1765108079 233568 installed
which-2.21-2.20.x86_64 1527267996 76891 installed
glibc-locale-base-2.38-150600.14.46.1.x86_64 1774957971 10329127 installed
libglib-2_0-0-2.78.6-150600.4.35.1.x86_64 1769619549 2018969 installed
file-5.32-7.14.1.x86_64 1631196222 83261 installed
cpp7-7.5.0+r278197-150000.4.44.1.x86_64 1737800896 23160538 installed
libcap-ng0-0.7.9-4.37.x86_64 1557021735 49486 installed
libsystemd0-254.27-150600.4.62.1.x86_64 1774102344 1076330 installed
libunistring2-0.9.10-1.1.x86_64 1617289477 1581296 installed
libgomp1-15.2.0+git10201-150000.1.9.1.x86_64 1770716034 399608 installed
libtextstyle0-0.21.1-150600.3.3.2.x86_64 1741371054 609840 installed
login_defs-4.17.2-150600.17.18.1.noarch 1773743424 17288 installed
gettext-runtime-0.21.1-150600.3.3.2.x86_64 1741371054 2158364 installed
libpsl5-0.20.1-150000.3.3.1.x86_64 1651118240 73004 installed
procps-3.3.17-150000.7.42.1.x86_64 1740149952 680248 installed
less-643-150600.3.3.1.x86_64 1718185063 364373 installed
systemd-presets-branding-openSUSE-12.2-lp156.7.3.1.noarch 1751379860 824 installed
pinentry-1.1.0-4.3.1.x86_64 1564577282 241350 installed
tar-1.34-150000.3.37.1.x86_64 1774277029 568378 installed
gzip-1.10-150200.10.1.x86_64 1651763306 321708 installed
libtasn1-6-4.13-150000.4.14.1.x86_64 1767968916 76320 installed
linux-glibc-devel-6.4-150600.2.17.x86_64 1709917876 5698867 installed
systemd-rpm-macros-16-150000.7.42.1.noarch 1752126632 12677 installed
libksba8-1.6.4-150600.1.2.x86_64 1709922785 403911 installed
groff-1.22.4-150400.5.2.1.x86_64 1701694283 5563174 installed
libtsan0-11.3.0+git1637-150000.1.11.2.x86_64 1662199775 1135800 installed
libasan4-7.5.0+r278197-150000.4.44.1.x86_64 1737800896 1369376 installed
libboost_thread1_66_0-1.66.0-150200.12.7.1.x86_64 1753185590 175568 installed
liblsan0-15.2.0+git10201-150000.1.9.1.x86_64 1770716034 517496 installed
libctf-nobfd0-2.45-150100.7.57.1.x86_64 1762188641 191608 installed
binutils-2.45-150100.7.57.1.x86_64 1762188641 63487461 installed
libp11-kit0-0.23.22-150500.8.3.1.x86_64 1698315047 1811021 installed
p11-kit-tools-0.23.22-150500.8.3.1.x86_64 1698315047 261922 installed
openssl-3-3.1.4-150600.5.45.1.x86_64 1774543855 2705671 installed
ca-certificates-2+git20240416.98ae794-150300.4.3.3.noarch 1713366010 27693 installed
libzck1-1.1.16-150600.9.3.x86_64 1715251402 81262 installed
libgdbm4-1.12-1.418.x86_64 1527268027 257752 installed
libkeyutils1-1.6.3-5.6.1.x86_64 1637661177 45242 installed
libmpxwrappers2-8.2.1+r264010-150000.1.6.4.x86_64 1652111443 14536 installed
libpipeline1-1.4.1-150000.3.2.1.x86_64 1701696799 56024 installed
libsepol2-3.5-150600.1.49.x86_64 1715243461 735584 installed
libverto1-0.2.6-3.20.x86_64 1527267987 21820 installed
libatomic1-15.2.0+git10201-150000.1.9.1.x86_64 1770716034 30856 installed
libbrotlidec1-1.0.7-150200.3.5.1.x86_64 1753344426 47016 installed
krb5-1.20.1-150600.11.14.1.x86_64 1757523957 2047995 installed
libnsl2-1.2.0-2.44.x86_64 1527267985 135250 installed
libexpat1-2.7.1-150400.3.37.1.x86_64 1774600229 179552 installed
libaugeas0-1.14.1-150600.3.3.1.x86_64 1745485086 333888 installed
gcc7-7.5.0+r278197-150000.4.44.1.x86_64 1737800896 76082596 installed
libnghttp2-14-1.40.0-150600.25.5.1.x86_64 1774880087 167124 installed
libsasl2-3-2.1.28-150600.7.14.1.x86_64 1762851237 117448 installed
libcurl4-8.14.1-150600.4.40.1.x86_64 1773164790 906720 installed
gpg2-2.4.4-150600.3.15.1.x86_64 1769691636 8733422 installed
patterns-base-minimal_base-20200505-lp156.17.3.1.x86_64 1720520048 58 installed
libzypp-17.37.18-150600.3.82.1.x86_64 1758807717 11103437 installed
purge-kernels-service-0-150200.8.6.1.noarch 1676007720 343 installed
systemd-default-settings-branding-openSUSE-0.10-150300.3.7.1.noarch 1712760380 399 installed
cracklib-dict-full-2.8.12-1.22.x86_64 1527272082 10970118 installed
cracklib-2.9.11-150600.1.90.x86_64 1715243463 180623 installed
pam-config-1.1-150600.16.8.1.x86_64 1750072174 655412 installed
libsubid5-4.17.2-150600.17.18.1.x86_64 1773743424 191032 installed
sysuser-shadow-3.2-150400.3.5.3.noarch 1693931483 2388 installed
libutempter0-1.1.6-3.42.x86_64 1527267980 47764 installed
man-2.7.6-150100.8.5.1.x86_64 1701433882 1725267 installed
dbus-1-1.12.2-150400.18.8.1.x86_64 1687256818 640258 installed
aaa_base-84.87+git20180409.04c9dae-150300.10.28.2.x86_64 1743160873 277689 installed
util-linux-systemd-2.39.3-150600.4.21.1.x86_64 1774358179 493803 installed
sysconfig-netconfig-0.85.10-150200.15.1.x86_64 1758177428 174236 installed
wicked-service-0.6.77-150600.11.15.1.x86_64 1730285153 9826 installed
patterns-base-basesystem-20200505-lp156.17.3.1.x86_64 1720520048 56 installed
patterns-devel-base-devel_rpm_build-20170319-lp156.3.2.x86_64 1716879954 61 installed
libgobject-2_0-0-2.78.6-150600.4.35.1.x86_64 1769619549 443703 installed
logrotate-3.18.1-150400.3.10.1.x86_64 1726839651 158840 installed
libaio1-0.3.113-150600.15.3.1.x86_64 1757690640 36684 installed
perl-Bootloader-1.8.2-150600.3.3.1.x86_64 1727249439 59646 installed
hwdata-0.394-150000.3.77.2.noarch 1745998307 9916691 installed
libopenssl1_1-1.1.1w-150600.5.21.1.x86_64 1769511646 4114691 installed
python3-base-3.6.15-150300.10.118.1.x86_64 1777461650 32719483 installed
libmnl0-1.0.4-1.25.x86_64 1527271951 22952 installed
libfastjson4-0.99.9-150400.3.3.1.x86_64 1683191436 51219 installed
libestr0-0.1.10-1.25.x86_64 1527272035 14424 installed
libevent-2_1-8-2.1.8-2.23.x86_64 1527272648 922361 installed
device-mapper-2.03.22_1.02.196-150600.3.9.3.x86_64 1761585129 296458 installed
libhogweed6-3.9.1-150600.3.2.1.x86_64 1728652808 357970 installed
chrony-pool-openSUSE-4.1-150400.21.8.1.noarch 1757599993 36 installed
libparted0-3.2-150300.21.3.1.x86_64 1690966566 386272 installed
shared-mime-info-2.4-150600.3.3.2.x86_64 1733214119 2609990 installed
libgio-2_0-0-2.78.6-150600.4.35.1.x86_64 1769619549 2021175 installed
libuv1-1.44.2-150500.3.5.1.x86_64 1732636036 193503 installed
libpci3-3.13.0-150300.13.12.1.x86_64 1767079183 95659 installed
libnfsidmap1-1.0-150600.28.19.1.x86_64 1773306231 232272 installed
libbpf1-1.2.2-150600.3.6.2.x86_64 1749458906 371232 installed
elfutils-0.185-150400.5.8.3.x86_64 1761934788 2721815 installed
